15:34:04.233 > ESP-ROM:esp32s3-20210327
15:34:04.233 > Build:Mar 27 2021
15:34:04.234 > rst:0x15 (USB_UART_CHIP_RESET),boot:0x28 (SPI_FAST_FLASH_BOOT)
15:34:04.234 > Saved PC:0x4202ab2e
15:34:04.236 > SPIWP:0xee
15:34:04.236 > mode:DIO, clock div:1
15:34:04.238 > load:0x3fce3808,len:0x4bc
15:34:04.240 > load:0x403c9700,len:0xbd8
15:34:04.242 > load:0x403cc700,len:0x2a0c
15:34:04.249 > entry 0x403c98d0
15:34:04.840 > 
15:34:04.840 > 
15:34:04.840 > ========== LoRa Antenna Phaser (Heltec V3) Starting ==========
15:34:04.840 >   CPU: 240 MHz, Free heap: 372016 bytes
15:34:04.840 > [INIT] Enabling Vext peripheral power...
15:34:05.040 > [INIT] Vext enabled.
15:34:05.041 > Antenna direction set to 0 (000 deg)
15:34:05.041 > [INIT] Relay outputs configured.
15:34:05.041 > [INIT] ADC 12-bit resolution set.
15:34:05.041 > [INIT] Starting LoRa radio (CS=8, INT=14, RST=12, BUSY=13)...
15:34:05.085 > [INIT] Radio OK: 915.0 MHz, SF9, BW125, CR4/7, TX 20 dBm
15:34:05.085 > [INIT] INA3221 bypassed.
15:34:05.085 > Bus: 0 mV, 0 mA
15:34:05.085 > [INIT] ========== All systems ready ==========
15:34:05.085 > 
15:37:50.175 > Packet #1 [RSSI:-89 dBm]: 41 50 31 30 34 35 0D 
15:37:50.175 > Processing command (7 bytes): AP1045
15:37:50.175 > Setting direction to 1 (045 deg)
15:37:50.175 > Antenna direction set to 1 (045 deg)
15:37:50.175 > Bus: 0 mV, 0 mA
15:37:50.175 > Position reply length: 24
15:37:50.437 > Reply sent (24 bytes)
15:37:50.459 > Packet #2 [RSSI:-89 dBm]: 3B 30 34 35 72 2D 30 
15:37:50.459 > Processing command (7 bytes): ;045r-0
15:37:50.460 > Malformed 7-byte command
15:37:50.460 > No reply to send.
15:37:58.175 > Packet #3 [RSSI:-93 dBm]: 41 50 31 30 30 30 0D 
15:37:58.176 > Processing command (7 bytes): AP1000
15:37:58.176 > Setting direction to 0 (000 deg)
15:37:58.176 > Antenna direction set to 0 (000 deg)
15:37:58.176 > Bus: 0 mV, 0 mA
15:37:58.176 > Position reply length: 24
15:37:58.438 > Reply sent (24 bytes)
15:37:58.460 > Packet #4 [RSSI:-93 dBm]: 3B 30 30 30 72 2D 30 
15:37:58.461 > Processing command (7 bytes): ;000r-0
15:37:58.461 > Malformed 7-byte command
15:37:58.461 > No reply to send.
