15:32:47.881 > ESP-ROM:esp32s3-20210327
15:32:47.881 > Build:Mar 27 2021
15:32:47.882 > rst:0x15 (USB_UART_CHIP_RESET),boot:0x28 (SPI_FAST_FLASH_BOOT)
15:32:47.883 > Saved PC:0x4202c2a2
15:32:47.884 > SPIWP:0xee
15:32:47.884 > mode:DIO, clock div:1
15:32:47.886 > load:0x3fce3808,len:0x4bc
15:32:47.888 > load:0x403c9700,len:0xbd8
15:32:47.890 > load:0x403cc700,len:0x2a0c
15:32:47.897 > entry 0x403c98d0
15:32:47.989 > ..................................................
15:32:53.040 > 
15:32:53.040 > ========== LoRa Antenna Phaser (Heltec V3) Starting ==========
15:32:53.040 >   CPU: 240 MHz, Free heap: 371040 bytes
15:32:53.040 > [INIT] Enabling Vext peripheral power...
15:32:53.240 > [INIT] Vext enabled.
15:32:53.240 > Antenna direction set to 0 (000 deg)
15:32:53.240 > [INIT] Relay outputs configured.
15:32:53.240 > [INIT] ADC 12-bit resolution set.
15:32:53.240 > [INIT] Wire started.
15:32:53.240 > [INIT] Starting LoRa radio (CS=8, INT=14, RST=12, BUSY=13)...
15:32:53.284 > [INIT] Radio OK: 915.0 MHz, SF9, BW125, CR4/7, TX 20 dBm
15:32:53.284 > [INIT] Starting INA3221 (I2C addr 0x40)...
15:32:53.284 > [INIT] ERROR: INA3221 initialization failed!
