13:28:03.879 > ESP-ROM:esp32s3-20210327
13:28:03.879 > Build:Mar 27 2021
13:28:03.879 > rst:0x15 (USB_UART_CHIP_RESET),boot:0x8 (SPI_FAST_FLASH_BOOT)
13:28:03.880 > Saved PC:0x4202c4da
13:28:03.881 > SPIWP:0xee
13:28:03.882 > mode:DIO, clock div:1
13:28:03.883 > load:0x3fce3808,len:0x4bc
13:28:03.886 > load:0x403c9700,len:0xbd8
13:28:03.888 > load:0x403cc700,len:0x2a0c
13:28:03.895 > entry 0x403c98d0
13:28:04.487 > 
13:28:04.488 > 
13:28:04.488 > ========== LoRa Antenna Phaser (Heltec V3) Starting ==========
13:28:04.488 >   CPU: 240 MHz, Free heap: 371040 bytes
13:28:04.488 > [INIT] Enabling Vext peripheral power...
13:28:04.687 > [INIT] Vext enabled.
13:28:04.688 > Antenna direction set to 1 (045 deg)
13:28:04.688 > [INIT] Relay outputs configured.
13:28:04.688 > [INIT] ADC 12-bit resolution set.
13:28:04.688 > [INIT] Starting LoRa radio (CS=8, INT=14, RST=12, BUSY=13)...
13:28:04.733 > [INIT] Radio OK: 915.0 MHz, SF9, BW125, CR4/7, TX 20 dBm
13:28:04.734 > [INIT] INA219 OK.
13:28:04.735 > Bus: 676 mV, 0 mA
13:28:04.735 > [INIT] ========== All systems ready ==========
13:28:04.735 > 
