11:23:03.089 > ESP-ROM:esp32s3-20210327
11:23:03.089 > Build:Mar 27 2021
11:23:03.090 > rst:0x15 (USB_UART_CHIP_RESET),boot:0x28 (SPI_FAST_FLASH_BOOT)
11:23:03.091 > Saved PC:0x4202bdd6
11:23:03.092 > SPIWP:0xee
11:23:03.092 > mode:DIO, clock div:1
11:23:03.094 > load:0x3fce3808,len:0x4bc
11:23:03.096 > load:0x403c9700,len:0xbd8
11:23:03.099 > load:0x403cc700,len:0x2a0c
11:23:03.106 > entry 0x403c98d0
11:23:03.198 > ..................................................
11:23:08.244 > 
11:23:08.244 > ========== LoRa Antenna Controller (Heltec V4) Starting ==========
11:23:08.244 >   CPU: 240 MHz, Free heap: 370160 bytes
11:23:08.244 > [INIT] Enabling Vext peripheral power...
11:23:08.444 > [INIT] Vext enabled.
11:23:08.444 > [INIT] PTT pin GPIO3 configured INPUT_PULLUP
11:23:08.444 > [INIT] Starting Wire for MCP23017...
11:23:08.444 > [INIT] Wire ready.
11:23:08.444 > [INIT] Starting LoRa radio (CS=8, INT=14, RST=12, BUSY=13)...
11:23:08.483 > [INIT] Radio OK: 915.0 MHz, SF9, BW125, CR4/7, TX 20 dBm
11:23:08.483 > [INIT] Starting OLED display...
11:23:09.947 > [INIT] OLED OK.
11:23:10.447 > [INIT] Starting MCP23017 (I2C addr 0x20)...
11:23:10.480 > [INIT] MCP23017 OK.
11:23:10.480 > [INIT] ========== All systems ready ==========
11:23:10.480 > 
11:23:20.997 > Button 1 pressed: E
11:23:21.003 > Built direction command for E (090 deg)
11:23:21.004 > Sending command (7 bytes): 41 50 31 30 39 30 0D
11:23:21.403 > Reply received (19 bytes), RSSI: -107 dBm
11:26:04.358 > Button 2 pressed: SE
11:26:04.364 > Built direction command for SE (135 deg)
11:26:04.365 > Sending command (7 bytes): 41 50 31 31 33 35 0D
11:26:04.762 > Reply received (19 bytes), RSSI: -88 dBm
