14:00:07.491 > ESP-ROM:esp32s3-20210327
14:00:07.492 > Build:Mar 27 2021
14:00:07.493 > rst:0x15 (USB_UART_CHIP_RESET),boot:0x8 (SPI_FAST_FLASH_BOOT)
14:00:07.493 > Saved PC:0x4202797a
14:00:07.494 > SPIWP:0xee
14:00:07.495 > mode:DIO, clock div:1
14:00:07.496 > load:0x3fce3808,len:0x4bc
14:00:07.499 > load:0x403c9700,len:0xbd8
14:00:07.501 > load:0x403cc700,len:0x2a0c
14:00:07.508 > entry 0x403c98d0
14:00:07.597 > ..................................................
14:00:12.647 > 
14:00:12.647 > ========== LoRa Antenna Controller (Heltec V4) Starting ==========
14:00:12.648 >   CPU: 240 MHz, Free heap: 371988 bytes
14:00:12.648 > [INIT] Enabling Vext peripheral power (GPIO36 LOW)...
14:00:12.848 > [INIT] Vext enabled.
14:00:12.848 > [INIT] PTT pin GPIO3 configured INPUT_PULLUP
14:00:12.848 > [INIT] Starting Wire (SDA=41, SCL=42) for MCP23017...
14:00:12.848 > [INIT] Wire ready.
14:00:12.848 > [INIT] Starting LoRa radio (CS=8, INT=14)...
14:00:13.155 > [INIT] LoRa radio OK.
14:00:13.156 > [INIT] Setting frequency 915.0 MHz...
14:00:13.158 > [INIT] Radio configured: 915.0 MHz, TX Power 20 dBm
14:00:13.159 > [INIT] Starting OLED display...
14:00:13.207 > [INIT] OLED display OK.
14:00:13.707 > [INIT] Starting MCP23017 (I2C addr 0x20)...
14:00:13.733 > [INIT] MCP23017 OK.
14:00:13.734 > [INIT] ========== All systems ready ==========
14:00:13.734 > 
14:00:20.428 > Button 1 pressed: NE
14:00:20.435 > Built direction command for NE (045°)
14:00:20.435 > Sending command (7 bytes): 41 50 31 30 34 35 0D 
14:00:26.225 > ERROR: sendtoWait failed
14:00:50.860 > Button 2 pressed: E
14:00:50.866 > Built direction command for E (090°)
14:00:50.867 > Sending command (7 bytes): 41 50 31 30 39 30 0D 
14:00:55.344 > No reply received (timeout)
14:01:09.993 > Button 4 pressed: S
14:01:09.999 > Built direction command for S (180°)
14:01:09.999 > Sending command (7 bytes): 41 50 31 31 38 30 0D 
14:01:13.249 > Reply from 0xD4 (24 bytes), RSSI: -115 dBm
14:01:30.413 > Button 2 pressed: E
14:01:30.419 > Built direction command for E (090°)
14:01:30.420 > Sending command (7 bytes): 41 50 31 30 39 30 0D 
14:01:35.987 > ERROR: sendtoWait failed
14:02:30.109 > Button 1 pressed: NE
14:02:30.115 > Built direction command for NE (045°)
14:02:30.116 > Sending command (7 bytes): 41 50 31 30 34 35 0D 
14:02:35.756 > ERROR: sendtoWait failed
