14:14:34.574 > ESP-ROM:esp32s3-20210327
14:14:34.574 > Build:Mar 27 2021
14:14:34.574 > rst:0x15 (USB_UART_CHIP_RESET),boot:0x8 (SPI_FAST_FLASH_BOOT)
14:14:34.574 > Saved PC:0x42027976
14:14:34.576 > SPIWP:0xee
14:14:34.576 > mode:DIO, clock div:1
14:14:34.578 > load:0x3fce3808,len:0x4bc
14:14:34.580 > load:0x403c9700,len:0xbd8
14:14:34.582 > load:0x403cc700,len:0x2a0c
14:14:34.589 > entry 0x403c98d0
14:14:34.679 > ..................................................
14:14:39.720 > 
14:14:39.720 > ========== LoRa Antenna Controller (Heltec V4) Starting ==========
14:14:39.721 >   CPU: 240 MHz, Free heap: 371980 bytes
14:14:39.721 > [INIT] Enabling Vext peripheral power (GPIO36 LOW)...
14:14:39.921 > [INIT] Vext enabled.
14:14:39.921 > [INIT] PTT pin GPIO3 configured INPUT_PULLUP
14:14:39.921 > [INIT] Starting Wire (SDA=41, SCL=42) for MCP23017...
14:14:39.922 > [INIT] Wire ready.
14:14:39.922 > [INIT] Starting LoRa radio (CS=8, INT=14)...
14:14:40.237 > [INIT] LoRa radio OK.
14:14:40.239 > [INIT] Setting frequency 915.0 MHz...
14:14:40.250 > [INIT] Radio configured: 915.0 MHz, TX Power 20 dBm
14:14:40.250 > [INIT] Starting OLED display...
14:14:40.299 > [INIT] OLED display OK.
14:14:40.798 > [INIT] Starting MCP23017 (I2C addr 0x20)...
14:14:40.825 > [INIT] MCP23017 OK.
14:14:40.825 > [INIT] ========== All systems ready ==========
14:14:40.825 > 
14:14:57.774 > Button 1 pressed: NE
14:14:57.781 > Built direction command for NE (045°)
14:14:57.781 > Sending command (7 bytes): 41 50 31 30 34 35 0D 
