15:56:03.917 > ESP-ROM:esp32s3-20210327
15:56:03.917 > Build:Mar 27 2021
15:56:03.917 > rst:0x15 (USB_UART_CHIP_RESET),boot:0x8 (SPI_FAST_FLASH_BOOT)
15:56:03.918 > Saved PC:0x4202b81a
15:56:03.919 > SPIWP:0xee
15:56:03.920 > mode:DIO, clock div:1
15:56:03.921 > load:0x3fce3808,len:0x4bc
15:56:03.924 > load:0x403c9700,len:0xbd8
15:56:03.926 > load:0x403cc700,len:0x2a0c
15:56:03.933 > entry 0x403c98d0
15:56:04.026 > ..................................................
15:56:09.071 > 
15:56:09.071 > ========== LoRa Antenna Controller (Heltec V3) Starting ==========
15:56:09.071 >   CPU: 240 MHz, Free heap: 371312 bytes
15:56:09.071 > [INIT] Enabling Vext peripheral power...
15:56:09.271 > [INIT] Vext enabled.
15:56:09.271 > [INIT] PTT pin GPIO3 configured INPUT_PULLUP
15:56:09.271 > [INIT] Starting Wire for MCP23017...
15:56:09.272 > [INIT] Wire ready.
15:56:09.272 > [INIT] Starting LoRa radio (CS=8, INT=14, RST=12, BUSY=13)...
15:56:09.310 > [INIT] Radio OK: 915.0 MHz, SF9, BW125, CR4/7, TX 20 dBm
15:56:09.310 > [INIT] Starting OLED display...
15:56:09.358 > [INIT] OLED OK.
15:56:09.858 > [INIT] Starting MCP23017 (I2C addr 0x20)...
15:56:09.885 > [INIT] MCP23017 OK.
15:56:09.885 > [INIT] ========== All systems ready ==========
15:56:09.885 > 
15:56:13.070 > Button 1 pressed: E
15:56:13.076 > Built direction command for E (090 deg)
15:56:13.077 > Sending command (7 bytes): 41 50 31 30 39 30 0D
15:56:14.229 > No reply received (timeout)
15:56:28.724 > Button 2 pressed: SE
15:56:28.730 > Built direction command for SE (135 deg)
15:56:28.730 > Sending command (7 bytes): 41 50 31 31 33 35 0D
15:56:29.154 > Reply received (24 bytes), RSSI: -83 dBm
15:56:38.401 > Button 1 pressed: E
15:56:38.407 > Built direction command for E (090 deg)
15:56:38.408 > Sending command (7 bytes): 41 50 31 30 39 30 0D
15:56:38.835 > Reply received (24 bytes), RSSI: -109 dBm
16:07:42.269 > Button 2 pressed: SE
16:07:42.275 > Built direction command for SE (135 deg)
16:07:42.276 > Sending command (7 bytes): 41 50 31 31 33 35 0D
16:07:42.702 > Reply received (24 bytes), RSSI: -68 dBm
16:07:45.275 > Button 0 pressed: NE
16:07:45.281 > Built direction command for NE (045 deg)
16:07:45.281 > Sending command (7 bytes): 41 50 31 30 34 35 0D
16:07:45.709 > Reply received (24 bytes), RSSI: -93 dBm
