14:26:10.955 > ESP-ROM:esp32s3-20210327
14:26:10.955 > Build:Mar 27 2021
14:26:10.956 > rst:0x15 (USB_UART_CHIP_RESET),boot:0x8 (SPI_FAST_FLASH_BOOT)
14:26:10.956 > Saved PC:0x4202797a
14:26:10.958 > SPIWP:0xee
14:26:10.958 > mode:DIO, clock div:1
14:26:10.960 > load:0x3fce3808,len:0x4bc
14:26:10.962 > load:0x403c9700,len:0xbd8
14:26:10.964 > load:0x403cc700,len:0x2a0c
14:26:10.971 > entry 0x403c98d0
14:26:11.061 > ..................................................
14:26:16.103 > 
14:26:16.103 > ========== LoRa Antenna Controller (Heltec V4) Starting ==========
14:26:16.104 >   CPU: 240 MHz, Free heap: 371980 bytes
14:26:16.104 > [INIT] Enabling Vext peripheral power (GPIO36 LOW)...
14:26:16.304 > [INIT] Vext enabled.
14:26:16.304 > [INIT] PTT pin GPIO3 configured INPUT_PULLUP
14:26:16.304 > [INIT] Starting Wire (SDA=41, SCL=42) for MCP23017...
14:26:16.305 > [INIT] Wire ready.
14:26:16.305 > [INIT] Starting LoRa radio (CS=8, INT=14)...
14:26:16.620 > [INIT] LoRa radio OK.
14:26:16.622 > [INIT] Setting frequency 915.0 MHz...
14:26:16.633 > [INIT] Radio configured: 915.0 MHz, TX Power 20 dBm
14:26:16.633 > [INIT] Starting OLED display...
14:26:16.682 > [INIT] OLED display OK.
14:26:17.181 > [INIT] Starting MCP23017 (I2C addr 0x20)...
14:26:17.208 > [INIT] MCP23017 OK.
14:26:17.208 > [INIT] ========== All systems ready ==========
14:26:17.208 > 
14:26:32.210 > Button 1 pressed: NE
14:26:32.216 > Built direction command for NE (045°)
14:26:32.217 > Sending command (7 bytes): 41 50 31 30 34 35 0D 
