13:46:29.746 > ESP-ROM:esp32s3-20210327
13:46:29.746 > Build:Mar 27 2021
13:46:29.747 > rst:0x15 (USB_UART_CHIP_RESET),boot:0x8 (SPI_FAST_FLASH_BOOT)
13:46:29.747 > Saved PC:0x4200ca00
13:46:29.749 > SPIWP:0xee
13:46:29.749 > mode:DIO, clock div:1
13:46:29.750 > load:0x3fce3808,len:0x4bc
13:46:29.753 > load:0x403c9700,len:0xbd8
13:46:29.755 > load:0x403cc700,len:0x2a0c
13:46:29.762 > entry 0x403c98d0
13:46:29.851 > ..................................................
13:46:34.894 > 
13:46:34.894 > ========== LoRa Antenna Controller (Heltec V4) Starting ==========
13:46:34.894 >   CPU: 240 MHz, Free heap: 371988 bytes
13:46:34.895 > [INIT] Enabling Vext peripheral power (GPIO36 LOW)...
13:46:35.094 > [INIT] Vext enabled.
13:46:35.095 > [INIT] PTT pin GPIO3 configured INPUT_PULLUP
13:46:35.095 > [INIT] Starting Wire (SDA=41, SCL=42) for MCP23017...
13:46:35.095 > [INIT] Wire ready.
13:46:35.095 > [INIT] Starting LoRa radio (CS=8, INT=14)...
13:46:35.398 > ERROR: waitUntilNotBusy TIMEOUT
13:46:35.398 > ERROR: waitUntilNotBusy TIMEOUT
13:46:35.400 > ERROR: waitUntilNotBusy TIMEOUT
13:46:35.400 > ERROR: waitUntilNotBusy TIMEOUT
13:46:35.401 > [INIT] LoRa radio OK.
13:46:35.402 > [INIT] Setting frequency 915.0 MHz...
13:46:35.402 > ERROR: waitUntilNotBusy TIMEOUT
13:46:35.403 > ERROR: waitUntilNotBusy TIMEOUT
13:46:35.404 > [INIT] Radio configured: 915.0 MHz, TX Power 20 dBm
13:46:35.405 > [INIT] Starting OLED display...
13:46:35.409 > [INIT] OLED display OK.
13:46:35.909 > [INIT] Starting MCP23017 (I2C addr 0x20)...
13:46:35.936 > [INIT] MCP23017 OK.
13:46:35.936 > [INIT] ========== All systems ready ==========
13:46:35.936 > 
